---
source: jsonrpc-types/src/lib.rs
expression: "Response::new(JsonRPCResult::<_, ()>::Result(vec![1, - 1]), None)"
---
{
  "jsonrpc": "2.0",
  "result": [
    1,
    -1
  ],
  "id": null
}
