---
source: jsonrpc-types/src/request.rs
expression: "Request::new(\"method\", vec![0, 1], Some(1))"
---
{
  "jsonrpc": "2.0",
  "method": "method",
  "params": [
    0,
    1
  ],
  "id": 1
}
