---
source: jsonrpc-types/src/notification.rs
expression: "Notification::new(\"method\", ())"
---
{
  "jsonrpc": "2.0",
  "method": "method",
  "params": null
}
