---
source: jsonrpc-types/src/lib.rs
expression: "Request::new(\"method\", Params { p0: 0, p1: 1 }, None)"
---
{
  "jsonrpc": "2.0",
  "method": "method",
  "params": {
    "p0": 0,
    "p1": 1
  },
  "id": null
}
