---
source: src/jsonrpc_types.rs
expression: "Notification::new(\"method\", ())"
---
{
  "jsonrpc": "2.0",
  "method": "method",
  "params": null
}
