---
source: src/jsonrpc_types.rs
expression: "Response::new(JsonRPCResult::<_, ()>::Result(vec![1, - 1]), Some(1))"
---
{
  "jsonrpc": "2.0",
  "result": [
    1,
    -1
  ],
  "id": 1
}
