---
source: src/jsonrpc_types.rs
expression: "Notification::new(\"method\", Params { p0: 0, p1: 1 })"
---
{
  "jsonrpc": "2.0",
  "method": "method",
  "params": {
    "p0": 0,
    "p1": 1
  }
}
