---
source: src/jsonrpc_types.rs
expression: "Response::new(JsonRPCResult::<_, ()>::Result(1), None)"
---
{
  "jsonrpc": "2.0",
  "result": 1,
  "id": null
}
